// Jest Snapshot v1, https://goo.gl/fbAQLP

exports[`InputBlock should render 1`] = `ShallowWrapper {}`;
