// Jest Snapshot v1, https://goo.gl/fbAQLP

exports[`CombinedOrderBook should render 1`] = `ShallowWrapper {}`;
